
*** Running vivado
    with args -log top.vds -m64 -product Vivado -mode batch -messageDb vivado.pb -notrace -source top.tcl



****** Vivado v2025.1 (64-bit)
  **** SW Build 6140274 on Thu May 22 00:12:29 MDT 2025
  **** IP Build 6138677 on Thu May 22 03:10:11 MDT 2025
  **** SharedData Build 6139179 on Tue May 20 17:58:58 MDT 2025
  **** Start of session at: Thu Dec 18 18:14:42 2025
    ** Copyright 1986-2022 Xilinx, Inc. All Rights Reserved.
    ** Copyright 2022-2025 Advanced Micro Devices, Inc. All Rights Reserved.

source top.tcl -notrace
create_project: Time (s): cpu = 00:00:05 ; elapsed = 00:00:06 . Memory (MB): peak = 555.242 ; gain = 248.984
Command: read_checkpoint -auto_incremental -incremental C:/Users/w2460/car/car.srcs/utils_1/imports/synth_1/top.dcp
INFO: [Vivado 12-5825] Read reference checkpoint from C:/Users/w2460/car/car.srcs/utils_1/imports/synth_1/top.dcp for incremental synthesis
INFO: [Vivado 12-7989] Please ensure there are no constraint changes
Command: synth_design -top top -part xc7a100tcsg324-1
Starting synth_design
Attempting to get a license for feature 'Synthesis' and/or device 'xc7a100t'
INFO: [Common 17-349] Got license for feature 'Synthesis' and/or device 'xc7a100t'
INFO: [Device 21-403] Loading part xc7a100tcsg324-1
INFO: [Designutils 20-5440] No compile time benefit to using incremental synthesis; A full resynthesis will be run
INFO: [Designutils 20-4379] Flow is switching to default flow due to incremental criteria not met. If you would like to alter this behaviour and have the flow terminate instead, please set the following parameter config_implementation {autoIncr.Synth.RejectBehavior Terminate}
INFO: [Synth 8-7079] Multithreading enabled for synth_design using a maximum of 2 processes.
INFO: [Synth 8-7078] Launching helper process for spawning children vivado processes
INFO: [Synth 8-7075] Helper process launched with PID 3276
---------------------------------------------------------------------------------
Starting RTL Elaboration : Time (s): cpu = 00:00:02 ; elapsed = 00:00:03 . Memory (MB): peak = 1254.812 ; gain = 493.391
---------------------------------------------------------------------------------
INFO: [Synth 8-6157] synthesizing module 'top' [C:/Users/w2460/car/car.srcs/sources_1/new/top.v:23]
INFO: [Synth 8-6157] synthesizing module 'vga_driver' [C:/Users/w2460/car/car.srcs/sources_1/new/vga_driver.v:23]
INFO: [Synth 8-6155] done synthesizing module 'vga_driver' (0#1) [C:/Users/w2460/car/car.srcs/sources_1/new/vga_driver.v:23]
INFO: [Synth 8-6157] synthesizing module 'game_fsm' [C:/Users/w2460/car/car.srcs/sources_1/new/game_fsm.v:23]
INFO: [Synth 8-155] case statement is not full and has no default [C:/Users/w2460/car/car.srcs/sources_1/new/game_fsm.v:47]
INFO: [Synth 8-6155] done synthesizing module 'game_fsm' (0#1) [C:/Users/w2460/car/car.srcs/sources_1/new/game_fsm.v:23]
INFO: [Synth 8-6157] synthesizing module 'debouncer' [C:/Users/w2460/car/car.srcs/sources_1/new/debouncer.v:24]
	Parameter CNT_MAX bound to: 500000 - type: integer 
INFO: [Synth 8-6155] done synthesizing module 'debouncer' (0#1) [C:/Users/w2460/car/car.srcs/sources_1/new/debouncer.v:24]
INFO: [Synth 8-6157] synthesizing module 'car_motion' [C:/Users/w2460/car/car.srcs/sources_1/new/car_motion.v:1]
INFO: [Synth 8-6155] done synthesizing module 'car_motion' (0#1) [C:/Users/w2460/car/car.srcs/sources_1/new/car_motion.v:1]
INFO: [Synth 8-6157] synthesizing module 'pipe_obstacle' [C:/Users/w2460/car/car.srcs/sources_1/new/pipe_obstacle.v:22]
INFO: [Synth 8-155] case statement is not full and has no default [C:/Users/w2460/car/car.srcs/sources_1/new/pipe_obstacle.v:75]
INFO: [Synth 8-6155] done synthesizing module 'pipe_obstacle' (0#1) [C:/Users/w2460/car/car.srcs/sources_1/new/pipe_obstacle.v:22]
INFO: [Synth 8-6157] synthesizing module 'collision' [C:/Users/w2460/car/car.srcs/sources_1/new/collision.v:23]
INFO: [Synth 8-6155] done synthesizing module 'collision' (0#1) [C:/Users/w2460/car/car.srcs/sources_1/new/collision.v:23]
INFO: [Synth 8-6157] synthesizing module 'game_data' [C:/Users/w2460/car/car.srcs/sources_1/new/game_data.v:23]
INFO: [Synth 8-155] case statement is not full and has no default [C:/Users/w2460/car/car.srcs/sources_1/new/game_data.v:54]
INFO: [Synth 8-6155] done synthesizing module 'game_data' (0#1) [C:/Users/w2460/car/car.srcs/sources_1/new/game_data.v:23]
INFO: [Synth 8-6157] synthesizing module 'invincible' [C:/Users/w2460/car/car.srcs/sources_1/new/invincible.v:23]
INFO: [Synth 8-6155] done synthesizing module 'invincible' (0#1) [C:/Users/w2460/car/car.srcs/sources_1/new/invincible.v:23]
INFO: [Synth 8-6157] synthesizing module 'renderer' [C:/Users/w2460/car/car.srcs/sources_1/new/renderer.v:23]
INFO: [Synth 8-6157] synthesizing module 'ui_text' [C:/Users/w2460/car/car.srcs/sources_1/new/ui_text.v:23]
INFO: [Synth 8-6155] done synthesizing module 'ui_text' (0#1) [C:/Users/w2460/car/car.srcs/sources_1/new/ui_text.v:23]
INFO: [Synth 8-155] case statement is not full and has no default [C:/Users/w2460/car/car.srcs/sources_1/new/renderer.v:106]
INFO: [Synth 8-6155] done synthesizing module 'renderer' (0#1) [C:/Users/w2460/car/car.srcs/sources_1/new/renderer.v:23]
INFO: [Synth 8-6157] synthesizing module 'sevenseg' [C:/Users/w2460/car/car.srcs/sources_1/new/sevenseg.v:23]
INFO: [Synth 8-6155] done synthesizing module 'sevenseg' (0#1) [C:/Users/w2460/car/car.srcs/sources_1/new/sevenseg.v:23]
INFO: [Synth 8-6155] done synthesizing module 'top' (0#1) [C:/Users/w2460/car/car.srcs/sources_1/new/top.v:23]
WARNING: [Synth 8-6014] Unused sequential element gap_reg was removed.  [C:/Users/w2460/car/car.srcs/sources_1/new/pipe_obstacle.v:89]
WARNING: [Synth 8-6014] Unused sequential element upper_h_reg was removed.  [C:/Users/w2460/car/car.srcs/sources_1/new/pipe_obstacle.v:90]
WARNING: [Synth 8-7129] Port clk in module renderer is either unconnected or has no load
---------------------------------------------------------------------------------
Finished RTL Elaboration : Time (s): cpu = 00:00:03 ; elapsed = 00:00:05 . Memory (MB): peak = 1365.637 ; gain = 604.215
---------------------------------------------------------------------------------
---------------------------------------------------------------------------------
Start Handling Custom Attributes
---------------------------------------------------------------------------------
---------------------------------------------------------------------------------
Finished Handling Custom Attributes : Time (s): cpu = 00:00:03 ; elapsed = 00:00:05 . Memory (MB): peak = 1365.637 ; gain = 604.215
---------------------------------------------------------------------------------
---------------------------------------------------------------------------------
Finished RTL Optimization Phase 1 : Time (s): cpu = 00:00:03 ; elapsed = 00:00:05 . Memory (MB): peak = 1365.637 ; gain = 604.215
---------------------------------------------------------------------------------
Netlist sorting complete. Time (s): cpu = 00:00:00 ; elapsed = 00:00:00.011 . Memory (MB): peak = 1365.637 ; gain = 0.000
INFO: [Project 1-570] Preparing netlist for logic optimization

Processing XDC Constraints
Initializing timing engine
Parsing XDC File [C:/Users/w2460/car/car.srcs/constrs_1/new/car_xdc.xdc]
WARNING: [Vivado 12-584] No ports matched 'led[15]'. [C:/Users/w2460/car/car.srcs/constrs_1/new/car_xdc.xdc:9]
CRITICAL WARNING: [Common 17-55] 'set_property' expects at least one object. [C:/Users/w2460/car/car.srcs/constrs_1/new/car_xdc.xdc:9]
Resolution: If [get_<value>] was used to populate the object, check to make sure this command returns at least one valid object.
WARNING: [Vivado 12-584] No ports matched 'led[14]'. [C:/Users/w2460/car/car.srcs/constrs_1/new/car_xdc.xdc:10]
CRITICAL WARNING: [Common 17-55] 'set_property' expects at least one object. [C:/Users/w2460/car/car.srcs/constrs_1/new/car_xdc.xdc:10]
Resolution: If [get_<value>] was used to populate the object, check to make sure this command returns at least one valid object.
WARNING: [Vivado 12-584] No ports matched 'led[13]'. [C:/Users/w2460/car/car.srcs/constrs_1/new/car_xdc.xdc:11]
CRITICAL WARNING: [Common 17-55] 'set_property' expects at least one object. [C:/Users/w2460/car/car.srcs/constrs_1/new/car_xdc.xdc:11]
Resolution: If [get_<value>] was used to populate the object, check to make sure this command returns at least one valid object.
WARNING: [Vivado 12-584] No ports matched 'led[12]'. [C:/Users/w2460/car/car.srcs/constrs_1/new/car_xdc.xdc:12]
CRITICAL WARNING: [Common 17-55] 'set_property' expects at least one object. [C:/Users/w2460/car/car.srcs/constrs_1/new/car_xdc.xdc:12]
Resolution: If [get_<value>] was used to populate the object, check to make sure this command returns at least one valid object.
WARNING: [Vivado 12-584] No ports matched 'led[11]'. [C:/Users/w2460/car/car.srcs/constrs_1/new/car_xdc.xdc:13]
CRITICAL WARNING: [Common 17-55] 'set_property' expects at least one object. [C:/Users/w2460/car/car.srcs/constrs_1/new/car_xdc.xdc:13]
Resolution: If [get_<value>] was used to populate the object, check to make sure this command returns at least one valid object.
WARNING: [Vivado 12-584] No ports matched 'led[10]'. [C:/Users/w2460/car/car.srcs/constrs_1/new/car_xdc.xdc:14]
CRITICAL WARNING: [Common 17-55] 'set_property' expects at least one object. [C:/Users/w2460/car/car.srcs/constrs_1/new/car_xdc.xdc:14]
Resolution: If [get_<value>] was used to populate the object, check to make sure this command returns at least one valid object.
WARNING: [Vivado 12-584] No ports matched 'led[9]'. [C:/Users/w2460/car/car.srcs/constrs_1/new/car_xdc.xdc:15]
CRITICAL WARNING: [Common 17-55] 'set_property' expects at least one object. [C:/Users/w2460/car/car.srcs/constrs_1/new/car_xdc.xdc:15]
Resolution: If [get_<value>] was used to populate the object, check to make sure this command returns at least one valid object.
WARNING: [Vivado 12-584] No ports matched 'led[8]'. [C:/Users/w2460/car/car.srcs/constrs_1/new/car_xdc.xdc:16]
CRITICAL WARNING: [Common 17-55] 'set_property' expects at least one object. [C:/Users/w2460/car/car.srcs/constrs_1/new/car_xdc.xdc:16]
Resolution: If [get_<value>] was used to populate the object, check to make sure this command returns at least one valid object.
WARNING: [Vivado 12-584] No ports matched 'led[7]'. [C:/Users/w2460/car/car.srcs/constrs_1/new/car_xdc.xdc:17]
CRITICAL WARNING: [Common 17-55] 'set_property' expects at least one object. [C:/Users/w2460/car/car.srcs/constrs_1/new/car_xdc.xdc:17]
Resolution: If [get_<value>] was used to populate the object, check to make sure this command returns at least one valid object.
WARNING: [Vivado 12-584] No ports matched 'led[6]'. [C:/Users/w2460/car/car.srcs/constrs_1/new/car_xdc.xdc:18]
CRITICAL WARNING: [Common 17-55] 'set_property' expects at least one object. [C:/Users/w2460/car/car.srcs/constrs_1/new/car_xdc.xdc:18]
Resolution: If [get_<value>] was used to populate the object, check to make sure this command returns at least one valid object.
WARNING: [Vivado 12-584] No ports matched 'led[5]'. [C:/Users/w2460/car/car.srcs/constrs_1/new/car_xdc.xdc:19]
CRITICAL WARNING: [Common 17-55] 'set_property' expects at least one object. [C:/Users/w2460/car/car.srcs/constrs_1/new/car_xdc.xdc:19]
Resolution: If [get_<value>] was used to populate the object, check to make sure this command returns at least one valid object.
WARNING: [Vivado 12-584] No ports matched 'led[4]'. [C:/Users/w2460/car/car.srcs/constrs_1/new/car_xdc.xdc:20]
CRITICAL WARNING: [Common 17-55] 'set_property' expects at least one object. [C:/Users/w2460/car/car.srcs/constrs_1/new/car_xdc.xdc:20]
Resolution: If [get_<value>] was used to populate the object, check to make sure this command returns at least one valid object.
WARNING: [Vivado 12-584] No ports matched 'led[3]'. [C:/Users/w2460/car/car.srcs/constrs_1/new/car_xdc.xdc:21]
CRITICAL WARNING: [Common 17-55] 'set_property' expects at least one object. [C:/Users/w2460/car/car.srcs/constrs_1/new/car_xdc.xdc:21]
Resolution: If [get_<value>] was used to populate the object, check to make sure this command returns at least one valid object.
WARNING: [Vivado 12-584] No ports matched 'led[2]'. [C:/Users/w2460/car/car.srcs/constrs_1/new/car_xdc.xdc:22]
CRITICAL WARNING: [Common 17-55] 'set_property' expects at least one object. [C:/Users/w2460/car/car.srcs/constrs_1/new/car_xdc.xdc:22]
Resolution: If [get_<value>] was used to populate the object, check to make sure this command returns at least one valid object.
WARNING: [Vivado 12-584] No ports matched 'led[2]'. [C:/Users/w2460/car/car.srcs/constrs_1/new/car_xdc.xdc:69]
CRITICAL WARNING: [Common 17-55] 'set_property' expects at least one object. [C:/Users/w2460/car/car.srcs/constrs_1/new/car_xdc.xdc:69]
Resolution: If [get_<value>] was used to populate the object, check to make sure this command returns at least one valid object.
WARNING: [Vivado 12-584] No ports matched 'led[3]'. [C:/Users/w2460/car/car.srcs/constrs_1/new/car_xdc.xdc:70]
CRITICAL WARNING: [Common 17-55] 'set_property' expects at least one object. [C:/Users/w2460/car/car.srcs/constrs_1/new/car_xdc.xdc:70]
Resolution: If [get_<value>] was used to populate the object, check to make sure this command returns at least one valid object.
WARNING: [Vivado 12-584] No ports matched 'led[4]'. [C:/Users/w2460/car/car.srcs/constrs_1/new/car_xdc.xdc:71]
CRITICAL WARNING: [Common 17-55] 'set_property' expects at least one object. [C:/Users/w2460/car/car.srcs/constrs_1/new/car_xdc.xdc:71]
Resolution: If [get_<value>] was used to populate the object, check to make sure this command returns at least one valid object.
WARNING: [Vivado 12-584] No ports matched 'led[5]'. [C:/Users/w2460/car/car.srcs/constrs_1/new/car_xdc.xdc:72]
CRITICAL WARNING: [Common 17-55] 'set_property' expects at least one object. [C:/Users/w2460/car/car.srcs/constrs_1/new/car_xdc.xdc:72]
Resolution: If [get_<value>] was used to populate the object, check to make sure this command returns at least one valid object.
WARNING: [Vivado 12-584] No ports matched 'led[6]'. [C:/Users/w2460/car/car.srcs/constrs_1/new/car_xdc.xdc:73]
CRITICAL WARNING: [Common 17-55] 'set_property' expects at least one object. [C:/Users/w2460/car/car.srcs/constrs_1/new/car_xdc.xdc:73]
Resolution: If [get_<value>] was used to populate the object, check to make sure this command returns at least one valid object.
WARNING: [Vivado 12-584] No ports matched 'led[7]'. [C:/Users/w2460/car/car.srcs/constrs_1/new/car_xdc.xdc:74]
CRITICAL WARNING: [Common 17-55] 'set_property' expects at least one object. [C:/Users/w2460/car/car.srcs/constrs_1/new/car_xdc.xdc:74]
Resolution: If [get_<value>] was used to populate the object, check to make sure this command returns at least one valid object.
WARNING: [Vivado 12-584] No ports matched 'led[8]'. [C:/Users/w2460/car/car.srcs/constrs_1/new/car_xdc.xdc:75]
CRITICAL WARNING: [Common 17-55] 'set_property' expects at least one object. [C:/Users/w2460/car/car.srcs/constrs_1/new/car_xdc.xdc:75]
Resolution: If [get_<value>] was used to populate the object, check to make sure this command returns at least one valid object.
WARNING: [Vivado 12-584] No ports matched 'led[9]'. [C:/Users/w2460/car/car.srcs/constrs_1/new/car_xdc.xdc:76]
CRITICAL WARNING: [Common 17-55] 'set_property' expects at least one object. [C:/Users/w2460/car/car.srcs/constrs_1/new/car_xdc.xdc:76]
Resolution: If [get_<value>] was used to populate the object, check to make sure this command returns at least one valid object.
WARNING: [Vivado 12-584] No ports matched 'led[10]'. [C:/Users/w2460/car/car.srcs/constrs_1/new/car_xdc.xdc:77]
CRITICAL WARNING: [Common 17-55] 'set_property' expects at least one object. [C:/Users/w2460/car/car.srcs/constrs_1/new/car_xdc.xdc:77]
Resolution: If [get_<value>] was used to populate the object, check to make sure this command returns at least one valid object.
WARNING: [Vivado 12-584] No ports matched 'led[11]'. [C:/Users/w2460/car/car.srcs/constrs_1/new/car_xdc.xdc:78]
CRITICAL WARNING: [Common 17-55] 'set_property' expects at least one object. [C:/Users/w2460/car/car.srcs/constrs_1/new/car_xdc.xdc:78]
Resolution: If [get_<value>] was used to populate the object, check to make sure this command returns at least one valid object.
WARNING: [Vivado 12-584] No ports matched 'led[12]'. [C:/Users/w2460/car/car.srcs/constrs_1/new/car_xdc.xdc:79]
CRITICAL WARNING: [Common 17-55] 'set_property' expects at least one object. [C:/Users/w2460/car/car.srcs/constrs_1/new/car_xdc.xdc:79]
Resolution: If [get_<value>] was used to populate the object, check to make sure this command returns at least one valid object.
WARNING: [Vivado 12-584] No ports matched 'led[13]'. [C:/Users/w2460/car/car.srcs/constrs_1/new/car_xdc.xdc:80]
CRITICAL WARNING: [Common 17-55] 'set_property' expects at least one object. [C:/Users/w2460/car/car.srcs/constrs_1/new/car_xdc.xdc:80]
Resolution: If [get_<value>] was used to populate the object, check to make sure this command returns at least one valid object.
WARNING: [Vivado 12-584] No ports matched 'led[14]'. [C:/Users/w2460/car/car.srcs/constrs_1/new/car_xdc.xdc:81]
CRITICAL WARNING: [Common 17-55] 'set_property' expects at least one object. [C:/Users/w2460/car/car.srcs/constrs_1/new/car_xdc.xdc:81]
Resolution: If [get_<value>] was used to populate the object, check to make sure this command returns at least one valid object.
WARNING: [Vivado 12-584] No ports matched 'led[15]'. [C:/Users/w2460/car/car.srcs/constrs_1/new/car_xdc.xdc:82]
CRITICAL WARNING: [Common 17-55] 'set_property' expects at least one object. [C:/Users/w2460/car/car.srcs/constrs_1/new/car_xdc.xdc:82]
Resolution: If [get_<value>] was used to populate the object, check to make sure this command returns at least one valid object.
Finished Parsing XDC File [C:/Users/w2460/car/car.srcs/constrs_1/new/car_xdc.xdc]
INFO: [Project 1-236] Implementation specific constraints were found while reading constraint file [C:/Users/w2460/car/car.srcs/constrs_1/new/car_xdc.xdc]. These constraints will be ignored for synthesis but will be used in implementation. Impacted constraints are listed in the file [.Xil/top_propImpl.xdc].
Resolution: To avoid this warning, move constraints listed in [.Xil/top_propImpl.xdc] to another XDC file and exclude this new file from synthesis with the used_in_synthesis property (File Properties dialog in GUI) and re-run elaboration/synthesis.
Completed Processing XDC Constraints

Netlist sorting complete. Time (s): cpu = 00:00:00 ; elapsed = 00:00:00 . Memory (MB): peak = 1433.004 ; gain = 0.000
INFO: [Project 1-111] Unisim Transformation Summary:
No Unisim elements were transformed.

Constraint Validation Runtime : Time (s): cpu = 00:00:00 ; elapsed = 00:00:00.003 . Memory (MB): peak = 1433.004 ; gain = 0.000
INFO: [Designutils 20-5440] No compile time benefit to using incremental synthesis; A full resynthesis will be run
INFO: [Designutils 20-4379] Flow is switching to default flow due to incremental criteria not met. If you would like to alter this behaviour and have the flow terminate instead, please set the following parameter config_implementation {autoIncr.Synth.RejectBehavior Terminate}
---------------------------------------------------------------------------------
Finished Constraint Validation : Time (s): cpu = 00:00:05 ; elapsed = 00:00:10 . Memory (MB): peak = 1433.004 ; gain = 671.582
---------------------------------------------------------------------------------
---------------------------------------------------------------------------------
Start Loading Part and Timing Information
---------------------------------------------------------------------------------
Loading part: xc7a100tcsg324-1
---------------------------------------------------------------------------------
Finished Loading Part and Timing Information : Time (s): cpu = 00:00:05 ; elapsed = 00:00:10 . Memory (MB): peak = 1433.004 ; gain = 671.582
---------------------------------------------------------------------------------
---------------------------------------------------------------------------------
Start Applying 'set_property' XDC Constraints
---------------------------------------------------------------------------------
---------------------------------------------------------------------------------
Finished applying 'set_property' XDC Constraints : Time (s): cpu = 00:00:05 ; elapsed = 00:00:10 . Memory (MB): peak = 1433.004 ; gain = 671.582
---------------------------------------------------------------------------------
INFO: [Synth 8-802] inferred FSM for state register 'state_reg' in module 'game_fsm'
---------------------------------------------------------------------------------------------------
                   State |                     New Encoding |                Previous Encoding 
---------------------------------------------------------------------------------------------------
                    IDLE |                              001 |                              000
                     RUN |                              010 |                              001
                GAMEOVER |                              100 |                              010
---------------------------------------------------------------------------------------------------
INFO: [Synth 8-3354] encoded FSM with state register 'state_reg' using encoding 'one-hot' in module 'game_fsm'
WARNING: [Synth 8-327] inferring latch for variable 'rgb_reg' [C:/Users/w2460/car/car.srcs/sources_1/new/renderer.v:104]
---------------------------------------------------------------------------------
Finished RTL Optimization Phase 2 : Time (s): cpu = 00:00:05 ; elapsed = 00:00:10 . Memory (MB): peak = 1433.004 ; gain = 671.582
---------------------------------------------------------------------------------
---------------------------------------------------------------------------------
Start RTL Component Statistics 
---------------------------------------------------------------------------------
Detailed RTL Component Info : 
+---Adders : 
	   3 Input   33 Bit       Adders := 9     
	   2 Input   32 Bit       Adders := 7     
	   3 Input   32 Bit       Adders := 2     
	   2 Input   25 Bit       Adders := 1     
	   2 Input   16 Bit       Adders := 1     
	   3 Input   12 Bit       Adders := 3     
	   2 Input   12 Bit       Adders := 4     
	   2 Input   11 Bit       Adders := 4     
	   2 Input   10 Bit       Adders := 5     
	   2 Input    9 Bit       Adders := 1     
	   2 Input    8 Bit       Adders := 1     
	   2 Input    2 Bit       Adders := 2     
+---XORs : 
	   4 Input      1 Bit         XORs := 1     
+---Registers : 
	               32 Bit    Registers := 1     
	               16 Bit    Registers := 2     
	               12 Bit    Registers := 1     
	               10 Bit    Registers := 9     
	                2 Bit    Registers := 2     
	                1 Bit    Registers := 20    
+---Muxes : 
	   2 Input   32 Bit        Muxes := 1     
	   4 Input   32 Bit        Muxes := 1     
	   2 Input   25 Bit        Muxes := 1     
	   2 Input   16 Bit        Muxes := 1     
	   4 Input   16 Bit        Muxes := 1     
	   2 Input   12 Bit        Muxes := 2     
	   4 Input   12 Bit        Muxes := 1     
	   5 Input   12 Bit        Muxes := 1     
	   5 Input   10 Bit        Muxes := 3     
	   2 Input    9 Bit        Muxes := 1     
	   2 Input    8 Bit        Muxes := 1     
	   4 Input    8 Bit        Muxes := 1     
	   2 Input    4 Bit        Muxes := 3     
	   4 Input    4 Bit        Muxes := 1     
	   2 Input    3 Bit        Muxes := 2     
	   2 Input    2 Bit        Muxes := 1     
	   4 Input    2 Bit        Muxes := 1     
	   2 Input    1 Bit        Muxes := 25    
	   3 Input    1 Bit        Muxes := 1     
	   4 Input    1 Bit        Muxes := 6     
---------------------------------------------------------------------------------
Finished RTL Component Statistics 
---------------------------------------------------------------------------------
---------------------------------------------------------------------------------
Start Part Resource Summary
---------------------------------------------------------------------------------
Part Resources:
DSPs: 240 (col length:80)
BRAMs: 270 (col length: RAMB18 80 RAMB36 40)
---------------------------------------------------------------------------------
Finished Part Resource Summary
---------------------------------------------------------------------------------
---------------------------------------------------------------------------------
Start Cross Boundary and Area Optimization
---------------------------------------------------------------------------------
WARNING: [Synth 8-7080] Parallel synthesis criteria is not met
WARNING: [Synth 8-7129] Port clk in module renderer is either unconnected or has no load
---------------------------------------------------------------------------------
Finished Cross Boundary and Area Optimization : Time (s): cpu = 00:00:09 ; elapsed = 00:00:19 . Memory (MB): peak = 1594.703 ; gain = 833.281
---------------------------------------------------------------------------------
---------------------------------------------------------------------------------
Start Applying XDC Timing Constraints
---------------------------------------------------------------------------------
---------------------------------------------------------------------------------
Finished Applying XDC Timing Constraints : Time (s): cpu = 00:00:11 ; elapsed = 00:00:23 . Memory (MB): peak = 1630.242 ; gain = 868.820
---------------------------------------------------------------------------------
---------------------------------------------------------------------------------
Start Timing Optimization
---------------------------------------------------------------------------------
---------------------------------------------------------------------------------
Finished Timing Optimization : Time (s): cpu = 00:00:11 ; elapsed = 00:00:23 . Memory (MB): peak = 1631.035 ; gain = 869.613
---------------------------------------------------------------------------------
---------------------------------------------------------------------------------
Start Technology Mapping
---------------------------------------------------------------------------------
---------------------------------------------------------------------------------
Finished Technology Mapping : Time (s): cpu = 00:00:11 ; elapsed = 00:00:23 . Memory (MB): peak = 1659.680 ; gain = 898.258
---------------------------------------------------------------------------------
---------------------------------------------------------------------------------
Start IO Insertion
---------------------------------------------------------------------------------
---------------------------------------------------------------------------------
Start Flattening Before IO Insertion
---------------------------------------------------------------------------------
---------------------------------------------------------------------------------
Finished Flattening Before IO Insertion
---------------------------------------------------------------------------------
---------------------------------------------------------------------------------
Start Final Netlist Cleanup
---------------------------------------------------------------------------------
---------------------------------------------------------------------------------
Finished Final Netlist Cleanup
---------------------------------------------------------------------------------
---------------------------------------------------------------------------------
Finished IO Insertion : Time (s): cpu = 00:00:12 ; elapsed = 00:00:27 . Memory (MB): peak = 1838.480 ; gain = 1077.059
---------------------------------------------------------------------------------
---------------------------------------------------------------------------------
Start Renaming Generated Instances
---------------------------------------------------------------------------------
---------------------------------------------------------------------------------
Finished Renaming Generated Instances : Time (s): cpu = 00:00:12 ; elapsed = 00:00:27 . Memory (MB): peak = 1838.480 ; gain = 1077.059
---------------------------------------------------------------------------------
---------------------------------------------------------------------------------
Start Rebuilding User Hierarchy
---------------------------------------------------------------------------------
---------------------------------------------------------------------------------
Finished Rebuilding User Hierarchy : Time (s): cpu = 00:00:12 ; elapsed = 00:00:27 . Memory (MB): peak = 1838.480 ; gain = 1077.059
---------------------------------------------------------------------------------
---------------------------------------------------------------------------------
Start Renaming Generated Ports
---------------------------------------------------------------------------------
---------------------------------------------------------------------------------
Finished Renaming Generated Ports : Time (s): cpu = 00:00:12 ; elapsed = 00:00:27 . Memory (MB): peak = 1838.480 ; gain = 1077.059
---------------------------------------------------------------------------------
---------------------------------------------------------------------------------
Start Handling Custom Attributes
---------------------------------------------------------------------------------
---------------------------------------------------------------------------------
Finished Handling Custom Attributes : Time (s): cpu = 00:00:12 ; elapsed = 00:00:27 . Memory (MB): peak = 1838.480 ; gain = 1077.059
---------------------------------------------------------------------------------
---------------------------------------------------------------------------------
Start Renaming Generated Nets
---------------------------------------------------------------------------------
---------------------------------------------------------------------------------
Finished Renaming Generated Nets : Time (s): cpu = 00:00:12 ; elapsed = 00:00:27 . Memory (MB): peak = 1838.480 ; gain = 1077.059
---------------------------------------------------------------------------------
---------------------------------------------------------------------------------
Start Writing Synthesis Report
---------------------------------------------------------------------------------

Report BlackBoxes: 
+-+--------------+----------+
| |BlackBox name |Instances |
+-+--------------+----------+
+-+--------------+----------+

Report Cell Usage: 
+------+-------+------+
|      |Cell   |Count |
+------+-------+------+
|1     |BUFG   |     2|
|2     |CARRY4 |   258|
|3     |LUT1   |   109|
|4     |LUT2   |   305|
|5     |LUT3   |   141|
|6     |LUT4   |   191|
|7     |LUT5   |   100|
|8     |LUT6   |   278|
|9     |FDRE   |   395|
|10    |FDSE   |    21|
|11    |LDC    |    10|
|12    |IBUF   |     7|
|13    |OBUF   |    28|
+------+-------+------+
---------------------------------------------------------------------------------
Finished Writing Synthesis Report : Time (s): cpu = 00:00:12 ; elapsed = 00:00:27 . Memory (MB): peak = 1838.480 ; gain = 1077.059
---------------------------------------------------------------------------------
Synthesis finished with 0 errors, 0 critical warnings and 3 warnings.
Synthesis Optimization Runtime : Time (s): cpu = 00:00:09 ; elapsed = 00:00:26 . Memory (MB): peak = 1838.480 ; gain = 1009.691
Synthesis Optimization Complete : Time (s): cpu = 00:00:12 ; elapsed = 00:00:27 . Memory (MB): peak = 1838.480 ; gain = 1077.059
INFO: [Project 1-571] Translating synthesized netlist
Netlist sorting complete. Time (s): cpu = 00:00:00 ; elapsed = 00:00:00.016 . Memory (MB): peak = 1847.648 ; gain = 0.000
INFO: [Netlist 29-17] Analyzing 268 Unisim elements for replacement
INFO: [Netlist 29-28] Unisim Transformation completed in 0 CPU seconds
INFO: [Project 1-570] Preparing netlist for logic optimization
INFO: [Opt 31-138] Pushed 0 inverter(s) to 0 load pin(s).
Netlist sorting complete. Time (s): cpu = 00:00:00 ; elapsed = 00:00:00 . Memory (MB): peak = 1851.449 ; gain = 0.000
INFO: [Project 1-111] Unisim Transformation Summary:
  A total of 10 instances were transformed.
  LDC => LDCE: 10 instances

Synth Design complete | Checksum: 22d60f21
INFO: [Common 17-83] Releasing license: Synthesis
51 Infos, 34 Warnings, 28 Critical Warnings and 0 Errors encountered.
synth_design completed successfully
synth_design: Time (s): cpu = 00:00:12 ; elapsed = 00:00:32 . Memory (MB): peak = 1851.449 ; gain = 1290.605
INFO: [runtcl-6] Synthesis results are not added to the cache due to CRITICAL_WARNING
Write ShapeDB Complete: Time (s): cpu = 00:00:00 ; elapsed = 00:00:00.005 . Memory (MB): peak = 1851.449 ; gain = 0.000
INFO: [Common 17-1381] The checkpoint 'C:/Users/w2460/car/car.runs/synth_1/top.dcp' has been generated.
INFO: [Vivado 12-24828] Executing command : report_utilization -file top_utilization_synth.rpt -pb top_utilization_synth.pb
INFO: [Common 17-206] Exiting Vivado at Thu Dec 18 18:15:23 2025...
