#-----------------------------------------------------------
# Vivado v2025.1 (64-bit)
# SW Build 6140274 on Thu May 22 00:12:29 MDT 2025
# IP Build 6138677 on Thu May 22 03:10:11 MDT 2025
# SharedData Build 6139179 on Tue May 20 17:58:58 MDT 2025
# Start of session at: Thu Dec 18 18:14:42 2025
# Process ID         : 32236
# Current directory  : C:/Users/w2460/car/car.runs/synth_1
# Command line       : vivado.exe -log top.vds -product Vivado -mode batch -messageDb vivado.pb -notrace -source top.tcl
# Log file           : C:/Users/w2460/car/car.runs/synth_1/top.vds
# Journal file       : C:/Users/w2460/car/car.runs/synth_1\vivado.jou
# Running On         : LENOVO
# Platform           : Windows Server 2016 or Windows 10
# Operating System   : 22631
# Processor Detail   : Intel(R) Core(TM) i7-14650HX
# CPU Frequency      : 2419 MHz
# CPU Physical cores : 16
# CPU Logical cores  : 24
# Host memory        : 16873 MB
# Swap memory        : 33822 MB
# Total Virtual      : 50696 MB
# Available Virtual  : 25908 MB
#-----------------------------------------------------------
source top.tcl -notrace
